{"level":"info","message":"{\"action\":\"read\",\"withClauses\":[],\"fromClauses\":[{\"schema\":\"jetsapi\",\"table\":\"source_config\"}],\"offset\":0,\"limit\":20,\"columns\":[{\"table\":\"\",\"column\":\"key\",\"calculatedAs\":\"\"},{\"table\":\"\",\"column\":\"client\",\"calculatedAs\":\"\"},{\"table\":\"\",\"column\":\"org\",\"calculatedAs\":\"\"},{\"table\":\"\",\"column\":\"object_type\",\"calculatedAs\":\"\"},{\"table\":\"\",\"column\":\"table_name\",\"calculatedAs\":\"\"},{\"table\":\"\",\"column\":\"input_format\",\"calculatedAs\":\"\"},{\"table\":\"\",\"column\":\"last_update\",\"calculatedAs\":\"\"}],\"sortColumn\":\"last_update\",\"sortColumnTable\":\"\",\"sortAscending\":false}","logger_type":"audit_log","user":"michel@artisoft.io","time":"2026-08-17T23:33:14-04:00"}
{"level":"info","message":"{\"action\":\"read\",\"withClauses\":[],\"fromClauses\":[{\"schema\":\"jetsapi\",\"table\":\"input_registry\"},{\"schema\":\"jetsapi\",\"table\":\"source_period\"}],\"whereClauses\":[{\"table\":\"\",\"column\":\"table_name\",\"values\":[\"CI_D1_hc:Eligibility\"]},{\"table\":\"\",\"column\":\"source_period_key\",\"joinWith\":\"source_period.key\"},{\"table\":\"\",\"column\":\"source_type\",\"values\":[\"file\"]},{\"table\":\"input_registry\",\"column\":\"client\",\"values\":[\"CI\"]}],\"offset\":0,\"limit\":20,\"columns\":[{\"table\":\"input_registry\",\"column\":\"key\",\"calculatedAs\":\"\"},{\"table\":\"\",\"column\":\"client\",\"calculatedAs\":\"\"},{\"table\":\"\",\"column\":\"org\",\"calculatedAs\":\"\"},{\"table\":\"\",\"column\":\"object_type\",\"calculatedAs\":\"\"},{\"table\":\"\",\"column\":\"file_key\",\"calculatedAs\":\"\"},{\"table\":\"\",\"column\":\"year\",\"calculatedAs\":\"\"},{\"table\":\"\",\"column\":\"month\",\"calculatedAs\":\"\"},{\"table\":\"\",\"column\":\"day\",\"calculatedAs\":\"\"},{\"table\":\"source_period\",\"column\":\"day_period\",\"calculatedAs\":\"\"},{\"table\":\"\",\"column\":\"table_name\",\"calculatedAs\":\"\"},{\"table\":\"\",\"column\":\"session_id\",\"calculatedAs\":\"\"},{\"table\":\"\",\"column\":\"last_update\",\"calculatedAs\":\"\"},{\"table\":\"\",\"column\":\"source_period_key\",\"calculatedAs\":\"\"}],\"sortColumn\":\"last_update\",\"sortColumnTable\":\"\",\"sortAscending\":false}","logger_type":"audit_log","user":"michel@artisoft.io","time":"2026-08-17T23:33:44-04:00"}
{"level":"info","message":"{\"action\":\"insert_rows\",\"fromClauses\":[{\"table\":\"input_loader_status\"}],\"data\":[{\"client\":\"CI\",\"org\":\"D1\",\"object_type\":\"hc:Eligibility\",\"table_name\":\"CI_D1_hc:Eligibility\",\"file_key\":\"jetstore/input/client=CI/object_type=hc:Eligibility/vendor=D1/year=2026/month=8/day=8/M021-M040;M007;M008_eligibility.csv\",\"input_registry.session_id\":\"1786210417576\",\"source_period_key\":\"503\",\"status\":\"submitted\",\"user_email\":\"michel@artisoft.io\",\"session_id\":\"1787024029854\"}]}","logger_type":"audit_log","user":"michel@artisoft.io","time":"2026-08-17T23:33:49-04:00"}
2026/08/17 23:33:50 DevMode: Setting cpipes env to DataTableContext
2026/08/17 23:33:50 Registering schema event with schema info: {"compression":"none","detect_cr_as_eol":true,"detect_encoding":true,"file_key":"jetstore/input/client=CI/object_type=hc:Eligibility/vendor=D1/year=2026/month=8/day=8/M021-M040;M007;M008_eligibility.csv","format":"csv","multi_columns_input":true,"trim_columns":true,"use_lazy_quotes_special":true,"variable_fields_per_record":true,"key":"_main_input_","type":"default","client":"Any","object_type":"Any","use_origin_source_config":true,"file_date":"2026-08-08","source_type":"main_input","env":{"$CLIENT":"CI","$INPUT_LOADER_STATUS_KEY":731,"$OBJECT_TYPE":"hc:Eligibility","$ORG":"D1","$ORIGIN_DOMAIN_KEYS":["hc:Eligibility","jets:hashing_override"],"$ORIGIN_SESSIONID":"1787024029854","$ORIGIN_SOURCE_PERIOD_KEY":503,"${STAGING_TABLE_NAME}":"CI_D1_hc:Eligibility","${TABLE_NAME}":"CI_D1_hc:Eligibility"}}
2026/08/17 23:33:50 updateFileKeyComponentCase UPDATED: map[client:Any day:8 file_key:jetstore/input/client=CI/object_type=hc:Eligibility/vendor=D1/year=2026/month=8/day=8/M021-M040;M007;M008_eligibility.csv month:8 object_type:Any org: request_id:<nil> year:2026]
2026/08/17 23:33:50 1787024030131 Write to input_registry for cpipes input files object type (aka domain_key): Any client: Any org: 
2026/08/17 23:33:50 Write to input_registry for cpipes with schemaProviderJson: {"compression":"none","detect_cr_as_eol":true,"detect_encoding":true,"file_key":"jetstore/input/client=CI/object_type=hc:Eligibility/vendor=D1/year=2026/month=8/day=8/M021-M040;M007;M008_eligibility.csv","format":"csv","multi_columns_input":true,"trim_columns":true,"use_lazy_quotes_special":true,"variable_fields_per_record":true,"key":"_main_input_","type":"default","client":"Any","object_type":"Any","use_origin_source_config":true,"file_date":"2026-08-08","source_type":"main_input","env":{"$CLIENT":"CI","$INPUT_LOADER_STATUS_KEY":731,"$OBJECT_TYPE":"hc:Eligibility","$ORG":"D1","$ORIGIN_DOMAIN_KEYS":["hc:Eligibility","jets:hashing_override"],"$ORIGIN_SESSIONID":"1787024029854","$ORIGIN_SOURCE_PERIOD_KEY":503,"${STAGING_TABLE_NAME}":"CI_D1_hc:Eligibility","${TABLE_NAME}":"CI_D1_hc:Eligibility"}}
2026/08/17 23:33:50 1787024030131 StartPipelinesForInputRegistryV2 called with inputRegistryKey 2234
2026/08/17 23:33:50 Run local cpipes driver: [-pipeline_execution_key 2314 -file_key jetstore/input/client=CI/object_type=hc:Eligibility/vendor=D1/year=2026/month=8/day=8/M021-M040_M007_M008_eligibility.csv -session_id 1787024030693]
2026/08/17 23:33:50 Executing cpipes command '[-pipeline_execution_key 2314 -file_key jetstore/input/client=CI/object_type=hc:Eligibility/vendor=D1/year=2026/month=8/day=8/M021-M040_M007_M008_eligibility.csv -session_id 1787024030693]'
2026/08/17 23:33:51 while executing server command: exit status 1
2026/08/17 23:33:51 =*=*=*=*=*=*=*=*=*=*=*=*=*=*
2026/08/17 23:33:51 CPIPES CAPTURED OUTPUT BEGIN
2026/08/17 23:33:51 =*=*=*=*=*=*=*=*=*=*=*=*=*=*
2026/08/17 23:33:51 2026/08/17 23:33:51 LOCAL TEST DRIVER CMD LINE ARGS: [-pipeline_execution_key 2314 -file_key jetstore/input/client=CI/object_type=hc:Eligibility/vendor=D1/year=2026/month=8/day=8/M021-M040_M007_M008_eligibility.csv -session_id 1787024030693]
2026/08/17 23:33:51 Using SSH Tunnel to connect to DB
2026/08/17 23:33:51 LOCAL TESTING using ssh tunnel (expecting ssh tunnel open)
2026/08/17 23:33:51 CP Starter:
2026/08/17 23:33:51 -----------
2026/08/17 23:33:51 Got argument: awsBucket bucket.jetstore.io
2026/08/17 23:33:51 Got argument: awsDsnSecret len 30
2026/08/17 23:33:51 Got argument: dbPoolSize 10
2026/08/17 23:33:51 Got argument: awsRegion us-east-1
2026/08/17 23:33:51 Got env: JETS_S3_KMS_KEY_ARN 
2026/08/17 23:33:51 Got env: DEPLOY_CPIPES_NATIVE 1
2026/08/17 23:33:51 We are in DEV_MODE, do not sync workspace file from db
2026/08/17 23:33:51 Using Jetrule Engine: NATIVE
Start Sharding Arguments
{
 "pipeline_execution_key": 2314,
 "file_key": "jetstore/input/client=CI/object_type=hc:Eligibility/vendor=D1/year=2026/month=8/day=8/M021-M040_M007_M008_eligibility.csv",
 "session_id": "1787024030693"
}
2026/08/17 23:33:51 CPIPES, loading pipeline configurations
2026/08/17 23:33:51 *** sourceType is 'file', icDomainKeys: 
2026/08/17 23:33:51 1787024030693 Start StepId 0 - Load to DB - file key: jetstore/input/client=CI/object_type=hc:Eligibility/vendor=D1/year=2026/month=8/day=8/M021-M040_M007_M008_eligibility.csv
2026/08/17 23:33:51 *** Main Input Schema Provider:{"compression":"none","detect_cr_as_eol":true,"detect_encoding":true,"file_key":"jetstore/input/client=CI/object_type=hc:Eligibility/vendor=D1/year=2026/month=8/day=8/M021-M040;M007;M008_eligibility.csv","format":"csv","multi_columns_input":true,"trim_columns":true,"use_lazy_quotes_special":true,"variable_fields_per_record":true,"key":"_main_input_","type":"default","client":"Any","object_type":"Any","use_origin_source_config":true,"file_date":"2026-08-08","source_type":"main_input","env":{"$CLIENT":"Any","$DATE_FILE_KEY":"2026-08-08","$DAY":8,"$FILE_KEY":"jetstore/input/client=CI/object_type=hc:Eligibility/vendor=D1/year=2026/month=8/day=8/M021-M040;M007;M008_eligibility.csv","$FULL_INPUT_FILE_KEY":"/jetstore/input/client=CI/object_type=hc:Eligibility/vendor=D1/year=2026/month=8/day=8/M021-M040;M007;M008_eligibility.csv","$INPUT_BUCKET":"","$INPUT_LOADER_STATUS_KEY":731,"$MAIN_SCHEMA_NAME":"","$MONTH":8,"$NAME_FILE_KEY":"M021-M040_M007_M008_eligibility.csv","$OBJECT_TYPE":"Any","$ORG":"","$ORIGIN_DOMAIN_KEYS":["hc:Eligibility","jets:hashing_override"],"$ORIGIN_SESSIONID":"1787024029854","$ORIGIN_SOURCE_PERIOD_KEY":503,"$PATH_FILE_KEY":"jetstore/input/client=CI/object_type=hc:Eligibility/vendor=D1/year=2026/month=8/day=8","$PROCESS_NAME":"Jets_Loader","$SESSIONID":"1787024030693","$YEAR":2026,"${DAY_PERIOD}":20674,"${MONTH_PERIOD}":680,"${SOURCE_TYPE}":"file","${STAGING_TABLE_NAME}":"CI_D1_hc:Eligibility","${TABLE_NAME}":"Any_Any","${WEEK_PERIOD}":2954}}
2026/08/17 23:33:51 Downloading file keys from s3 folder: jetstore/input/client=CI/object_type=hc:Eligibility/vendor=D1/year=2026/month=8/day=8/M021-M040_M007_M008_eligibility.csv
2026/08/17 23:33:51 while calling StartShardingComputePipes: error: input folder contains no data files

2026/08/17 23:33:51 =*=*=*=*=*=*=*=*=*=*=*=*=*=*
2026/08/17 23:33:51 CPIPES CAPTURED OUTPUT END
2026/08/17 23:33:51 =*=*=*=*=*=*=*=*=*=*=*=*=*=*
2026/08/17 23:33:51 Status Update Arguments:
2026/08/17 23:33:51 ----------------
